../Core/Src/main.c:96:5:main	352	static
../Core/Src/main.c:301:6:SystemClock_Config	88	static
../Core/Src/main.c:348:13:MX_TIM11_Init	8	static
../Core/Src/main.c:379:13:MX_USART2_UART_Init	8	static
../Core/Src/main.c:410:13:MX_DMA_Init	16	static
../Core/Src/main.c:431:13:MX_GPIO_Init	16	static
../Core/Src/main.c:448:6:HAL_UART_TxCpltCallback	16	static
../Core/Src/main.c:456:6:HAL_UARTEx_RxEventCallback	88	static
../Core/Src/main.c:489:6:initRX	8	static
../Core/Src/main.c:509:6:Error_Handler	4	static,ignoring_inline_asm
